---
source: crates/vixeeny-common/src/config.rs
expression: "Config::default().to_toml().unwrap()"
---
schema_version = 4

[general]
language = "auto"
theme = "system"
autostart = true
app_idle_exit_seconds = 30
sounds = true
notifications = true
check_updates = true
auto_update = true
first_run_done = false

[hotkeys]
capture_region = ["PrintScreen"]
capture_window = ["Alt+PrintScreen"]
capture_fullscreen = ["Shift+PrintScreen"]
capture_all_monitors = []
capture_scrolling = []
record_toggle = ["Ctrl+Shift+R"]
record_pause = ["Ctrl+Shift+P"]
replay_toggle = []
replay_save = ["Ctrl+Shift+S"]
overlay_toggle = ["Ctrl+Shift+O"]
open_settings = []

[paths]
images = "{pictures}/Vixeeny"
videos = "{videos}/Vixeeny"
replays = "{videos}/Vixeeny/Replays"

[paths.naming.images]
template = "{app}_{date}_{time}"

[paths.naming.videos]
template = "{app}_{date}_{time}"

[paths.naming.replays]
template = "{app}_{date}_{time}"

[paths.per_app_subfolder]
images = false
videos = false
replays = false

[paths.app_names]

[image]
format = "png"
show_cursor = false
hdr = "tonemap_sdr"
copy_to_clipboard = false

[image.png]
compression = "fast"
optimize = 0

[image.jpeg]
quality = 90

[image.webp]
lossless = true
quality = 90
effort = 4

[image.avif]
quality = 80
depth = 10
speed = 6

[image.jxl]
lossless = true
quality = 90
effort = 7

[video]
encoder_kind = "hardware"
encoder = "auto"
container = "mp4_fragmented"
resolution = "source"
aspect = "source"
fps = 60
chroma = "420"
hdr = "tonemap_sdr"
mode = "simple"
preset = "quality"
show_cursor = false
vfr = false

[video.params]

[video.split]
mode = "off"

[video.audio]
routing = "one_track_per_source"
capture = "system"
sources = ["system"]
codec = "auto"
bitrate_kbps = 160
vbr = true
channels = "stereo"
mic_noise_reduction = false
tracks = []

[video.audio.volumes]

[recording_widget]
enabled = true
corner = "top_left"
auto_hide = false
disk_alert_percent = 5

[replay]
enabled = false
duration_seconds = 30
after_seconds = 0
storage = "auto"

[overlay]
edge = "right"

[scrolling]
max_height = 30000
annotate = true
