---
source: crates/vixeeny-editor/src/render/tests.rs
expression: "ascii(&render(&white(96, 48), &doc), 2)"
---
................................................
.BBBBBBBBBBBBBBBBBBBBBB.........................
.BBBBBBBBBBBBBBBBBBBBBB......+GGGGGGGGG+........
.BB..................BB....+GGGGGGGGGGGGGG......
.BB....RRRRR.........BB...GGGGGGGGGGGGGGGGG.....
.BB...RRRRRRR........BB..+GGGGGGGGGGGGGGGGGG....
.BB...RRRRRRRR.......BB..GGGGGGGGGGGGGGGGGGG+...
.BB...RRRRRRRR.......BB..GGGGGGGGGGGGGGGGGGGG...
.BB...RRRRRRRR.......BB..GGGGGGGGGGGGGGGGGGGG...
.BB...RRRRRRR+.......BB..GGGGGGGGGGGGGGGGGGG....
.BB....RRRRRR........BB...GGGGGGGGGGGGGGGGG+....
.BB.....RRR+.........BB....GGGGGGGGGGGGGGG+.....
.BB..................BB.....+GGGGGGGGGGGG.......
.BBBBBBBBBBBBBBBBBBBBBB........+GGGGG+..........
.BBBBBBBBBBBBBBBBBBBBB+.........................
......................+.........................
......................RRRR......................
......................RRRRRRR+..................
..................RRRRRRRRRRR...................
...........+RRRRRRRRRRRRRRR.....................
.....RRRRRRRRRRRR+....RRRR......................
..RRRRRRRRR............R........##############+.
..RR............................++++++++++++++..
................................................
